Microchip MPLAB XC8 PIC(R) Assembler V2.45

Linker command line:

-W-3 \
  --edf=C:\Program Files\Microchip\xc8\v2.45\pic\dat\20230818022343_en.msgs \
  -cf -h+dist/default/debug\MicroprocessorsLab.debug.sym \
  --cmf=dist/default/debug\MicroprocessorsLab.debug.cmf -z -Q18F87K22 \
  -oC:\Users\aoc21\AppData\Local\Temp\xcAsgd4.\driver_tmp_3.o \
  --fixupoverflow=error -ver=XC8 PIC(R) Assembler --fixupoverflow=lstwarn \
  -Moutput.map -E1 --acfsm=1493 -ACODE=00h-01FFFFh -ACONST=00h-01FFFFh \
  -ASMALLCONST=01000h-010FFhx496 \
  -AMEDIUMCONST=01000h-0FFFFh,011000h-01FFFFh -ACOMRAM=00h-05Fh \
  -AABS1=00h-0F15h -ABIGRAM=00h-0F15h \
  -ARAM=060h-0FFh,0100h-01FFhx14,0F00h-0F15h -ABANK0=060h-0FFh \
  -ABANK1=0100h-01FFh -ABANK2=0200h-02FFh -ABANK3=0300h-03FFh \
  -ABANK4=0400h-04FFh -ABANK5=0500h-05FFh -ABANK6=0600h-06FFh \
  -ABANK7=0700h-07FFh -ABANK8=0800h-08FFh -ABANK9=0900h-09FFh \
  -ABANK10=0A00h-0AFFh -ABANK11=0B00h-0BFFh -ABANK12=0C00h-0CFFh \
  -ABANK13=0D00h-0DFFh -ABANK14=0E00h-0EFFh -ABANK15=0F00h-0F15h \
  -ASFR=0F16h-0F5Fh,0F60h-0FFFh -ABIGSFR=0F16h-0FFFh \
  -AIDLOC=0200000h-0200007h -AEEDATA=0F00000h-0F003FFh \
  build/default/debug/config.o build/default/debug/main.o \
  build/default/debug/LCD.o build/default/debug/KeyPad.o \
  build/default/debug/Display.o build/default/debug/Buzzer.o \
  build/default/debug/HashandDash.o 

Object code version is 3.11

Machine type is 18F87K22



                Name                               Link     Load   Length Selector   Space Scale
build/default/debug/config.o
                config                           300000   300000        E        0       4
build/default/debug/main.o
                code                                  0        0       4E        0       0
build/default/debug/LCD.o
                lcd_code                          1F664    1F664      156    1F664       0
                udata_acs_ovr                        29       29        1        0       1
                udata_acs                            1F       1F        5        0       1
build/default/debug/KeyPad.o
                keypad_code                       1FA24    1FA24      2E0    1FA24       0
                udata_acs                             0        0       10        0       1
build/default/debug/Display.o
                display_code                      1FD04    1FD04      2FC    1FD04       0
                data                              1F500    1F500       8A     FA80       0
                udata_bank4                         400      400       96      400       1
                udata_acs                            28       28        1        0       1
build/default/debug/Buzzer.o
                buzzer_code                       1F58A    1F58A       DA    1F58A       0
                udata_acs                            24       24        4        0       1
build/default/debug/HashandDash.o
                hashing_code                      1F7BA    1F7BA      26A    1F7BA       0
                udata_acs                            10       10        F        0       1

TOTAL           Name                               Link     Load   Length     Space
        CLASS   CODE           
                code                                  0        0       4E         0
                lcd_code                          1F664    1F664      156         0
                keypad_code                       1FA24    1FA24      2E0         0
                display_code                      1FD04    1FD04      2FC         0
                buzzer_code                       1F58A    1F58A       DA         0
                hashing_code                      1F7BA    1F7BA      26A         0

        CLASS   CONST          
                data                              1F500    1F500       8A         0

        CLASS   SMALLCONST     

        CLASS   MEDIUMCONST    

        CLASS   COMRAM         
                udata_acs_ovr                        29       29        1         1
                udata_acs                            1F       1F        5         1
                udata_acs                             0        0       10         1
                udata_acs                            28       28        1         1
                udata_acs                            24       24        4         1
                udata_acs                            10       10        F         1

        CLASS   ABS1           

        CLASS   BIGRAM         

        CLASS   RAM            

        CLASS   BANK0          

        CLASS   BANK1          

        CLASS   BANK2          

        CLASS   BANK3          

        CLASS   BANK4          
                udata_bank4                         400      400       96         1

        CLASS   BANK5          

        CLASS   BANK6          

        CLASS   BANK7          

        CLASS   BANK8          

        CLASS   BANK9          

        CLASS   BANK10         

        CLASS   BANK11         

        CLASS   BANK12         

        CLASS   BANK13         

        CLASS   BANK14         

        CLASS   BANK15         

        CLASS   SFR            

        CLASS   BIGSFR         

        CLASS   IDLOC          

        CLASS   EEDATA         

        CLASS   CONFIG         
                config                           300000   300000        E         4



SEGMENTS        Name                           Load    Length   Top    Selector   Space  Class

                udata_acs                      000000  00002A  00002A         0       1  COMRAM  
                udata_bank4                    000400  000096  000496       400       1  BANK4   
                data                           01F500  00008A  01F58A      FA80       0  CONST   
                buzzer_code                    01F58A  0000DA  01F664     1F58A       0  CODE    
                lcd_code                       01F664  000156  01F7BA     1F664       0  CODE    
                hashing_code                   01F7BA  00026A  01FA24     1F7BA       0  CODE    
                keypad_code                    01FA24  0002E0  01FD04     1FA24       0  CODE    
                display_code                   01FD04  0002FC  020000     1FD04       0  CODE    


UNUSED ADDRESS RANGES

        Name                Unused          Largest block    Delta
        BANK0            000060-0000FF               A0
        BANK1            000100-0001FF              100
        BANK10           000A00-000AFF              100
        BANK11           000B00-000BFF              100
        BANK12           000C00-000CFF              100
        BANK13           000D00-000DFF              100
        BANK14           000E00-000EFF              100
        BANK15           000F00-000F15               16
        BANK2            000200-0002FF              100
        BANK3            000300-0003FF              100
        BANK4            000496-0004FF               6A
        BANK5            000500-0005FF              100
        BANK6            000600-0006FF              100
        BANK7            000700-0007FF              100
        BANK8            000800-0008FF              100
        BANK9            000900-0009FF              100
        BIGRAM           00004E-000F15              EC8
        BIGSFR           000F16-000FFF               EA
        CODE             00004E-01F4FF            1F4B2
        COMRAM           00002A-00005F               36
        CONST            00004E-01F4FF            1F4B2
        EEDATA           F00000-F003FF              400
        IDLOC            200000-200007                8
        MEDIUMCONST      001000-00FFFF             F000
                         011000-01F4FF             E500
        RAM              000060-0003FF              100
                         000496-000F15              100
        SFR              000F16-000FFF               4A
        SMALLCONST       001000-01F4FF              100

                                  Symbol Table

Alarm_Screen           display_code  01FFA8
Display_Setup          display_code  01FD04
EnterPasscode_Screen   display_code  01FE72
Fingerprint_Screen     display_code  01FECA
Hash_Matching          hashing_code  01F848
Hash_Passcode          hashing_code  01F7FA
Incorrect_Screen       display_code  01FEE6
KeyPad_Read            keypad_code   01FA58
KeyPad_Setup           keypad_code   01FA24
KeyPad_output          udata_acs     000004
LCD_Clear              lcd_code      01F774
LCD_Cursor_Off         lcd_code      01F79E
LCD_Cursor_On          lcd_code      01F7AC
LCD_Line2              lcd_code      01F782
LCD_Send_Byte_D        lcd_code      01F702
LCD_Setup              lcd_code      01F664
LCD_Write_Hex          lcd_code      01F6C8
LCD_Write_Message      lcd_code      01F6BA
LCD_delay_ms           lcd_code      01F748
LCD_delay_x4us         lcd_code      01F756
Passcode_Check         hashing_code  01F7C6
Passcode_ClearCheckbit hashing_code  01F7E8
Passcode_SetCheckbit   hashing_code  01F7D6
SetFingerprint_Screen  display_code  01FEAE
SetPasscode_Screen     display_code  01FE36
Storage_Setup          hashing_code  01F7BA
Timeout_Screen         display_code  01FF74
Unlocked_Screen        display_code  01FF0A
Welcome_Screen         display_code  01FF3A
__H__absolute__        __absolute__  000000
__Hbuzzer_code         buzzer_code   000000
__Hcode                code          000000
__Hconfig              config        30000E
__Hdata                data          000000
__Hdisplay_code        display_code  000000
__Hedata               edata         000000
__Hhashing_code        hashing_code  000000
__Hkeypad_code         keypad_code   000000
__Hlcd_code            lcd_code      000000
__Hspace_0             (abs)         020000
__Hspace_1             (abs)         000496
__Hspace_3             (abs)         000000
__Hspace_4             (abs)         60000E
__Hudata               udata         000000
__Hudata_acs           udata_acs     000000
__Hudata_acs_ovr       udata_acs_ovr 00002A
__Hudata_bank0         udata_bank0   000000
__Hudata_bank1         udata_bank1   000000
__Hudata_bank10        udata_bank10  000000
__Hudata_bank11        udata_bank11  000000
__Hudata_bank12        udata_bank12  000000
__Hudata_bank13        udata_bank13  000000
__Hudata_bank14        udata_bank14  000000
__Hudata_bank15        udata_bank15  000000
__Hudata_bank2         udata_bank2   000000
__Hudata_bank3         udata_bank3   000000
__Hudata_bank4         udata_bank4   000000
__Hudata_bank5         udata_bank5   000000
__Hudata_bank6         udata_bank6   000000
__Hudata_bank7         udata_bank7   000000
__Hudata_bank8         udata_bank8   000000
__Hudata_bank9         udata_bank9   000000
__L__absolute__        __absolute__  000000
__Lbuzzer_code         buzzer_code   000000
__Lcode                code          000000
__Lconfig              config        000000
__Ldata                data          000000
__Ldisplay_code        display_code  000000
__Ledata               edata         000000
__Lhashing_code        hashing_code  000000
__Lkeypad_code         keypad_code   000000
__Llcd_code            lcd_code      000000
__Lspace_0             (abs)         000000
__Lspace_1             (abs)         000000
__Lspace_3             (abs)         000000
__Lspace_4             (abs)         000000
__Ludata               udata         000000
__Ludata_acs           udata_acs     000000
__Ludata_acs_ovr       udata_acs_ovr 000029
__Ludata_bank0         udata_bank0   000000
__Ludata_bank1         udata_bank1   000000
__Ludata_bank10        udata_bank10  000000
__Ludata_bank11        udata_bank11  000000
__Ludata_bank12        udata_bank12  000000
__Ludata_bank13        udata_bank13  000000
__Ludata_bank14        udata_bank14  000000
__Ludata_bank15        udata_bank15  000000
__Ludata_bank2         udata_bank2   000000
__Ludata_bank3         udata_bank3   000000
__Ludata_bank4         udata_bank4   000000
__Ludata_bank5         udata_bank5   000000
__Ludata_bank6         udata_bank6   000000
__Ludata_bank7         udata_bank7   000000
__Ludata_bank8         udata_bank8   000000
__Ludata_bank9         udata_bank9   000000
__S0                   (abs)         020000
__S1                   (abs)         000496
__S3                   (abs)         000000
buzzer_alarm           buzzer_code   01F60A
buzzer_incorrect       buzzer_code   01F5AE
buzzer_press           buzzer_code   01F598
buzzer_setup           buzzer_code   01F58A
buzzer_unlock          buzzer_code   01F5D4
check_bit              udata_acs     000006
counter_cursor         lcd_code      01F790
entry                  udata_acs     00000B
isa$std                (abs)         000001
isa$xinst              (abs)         000000
passcode_checkbit      udata_acs     00001E
ps_value               udata_acs     000015
salt_byte              udata_acs     000016
