Microchip MPLAB XC8 PIC(R) Assembler V2.45

Linker command line:

-W-3 \
  --edf=C:\Program Files\Microchip\xc8\v2.45\pic\dat\20230818022343_en.msgs \
  -cf -h+dist/default/debug\MicroprocessorsLab.debug.sym \
  --cmf=dist/default/debug\MicroprocessorsLab.debug.cmf -z -Q18F87K22 \
  -oC:\Users\aoc21\AppData\Local\Temp\xcAsk30.\driver_tmp_3.o \
  --fixupoverflow=error -ver=XC8 PIC(R) Assembler --fixupoverflow=lstwarn \
  -Moutput.map -E1 --acfsm=1493 -ACODE=00h-01FFFFh -ACONST=00h-01FFFFh \
  -ASMALLCONST=01000h-010FFhx496 \
  -AMEDIUMCONST=01000h-0FFFFh,011000h-01FFFFh -ACOMRAM=00h-05Fh \
  -AABS1=00h-0F15h -ABIGRAM=00h-0F15h \
  -ARAM=060h-0FFh,0100h-01FFhx14,0F00h-0F15h -ABANK0=060h-0FFh \
  -ABANK1=0100h-01FFh -ABANK2=0200h-02FFh -ABANK3=0300h-03FFh \
  -ABANK4=0400h-04FFh -ABANK5=0500h-05FFh -ABANK6=0600h-06FFh \
  -ABANK7=0700h-07FFh -ABANK8=0800h-08FFh -ABANK9=0900h-09FFh \
  -ABANK10=0A00h-0AFFh -ABANK11=0B00h-0BFFh -ABANK12=0C00h-0CFFh \
  -ABANK13=0D00h-0DFFh -ABANK14=0E00h-0EFFh -ABANK15=0F00h-0F15h \
  -ASFR=0F16h-0F5Fh,0F60h-0FFFh -ABIGSFR=0F16h-0FFFh \
  -AIDLOC=0200000h-0200007h -AEEDATA=0F00000h-0F003FFh \
  build/default/debug/config.o build/default/debug/main.o \
  build/default/debug/UART.o build/default/debug/LCD.o \
  build/default/debug/KeyPad.o build/default/debug/Set.o \
  build/default/debug/Display.o build/default/debug/Testing.o 

Object code version is 3.11

Machine type is 18F87K22



                Name                               Link     Load   Length Selector   Space Scale
build/default/debug/config.o
                config                           300000   300000        E        0       4
build/default/debug/main.o
                code                                  0        0       26        0       0
                udata_acs                             E        E        3        0       1
build/default/debug/UART.o
                uart_code                         1FABC    1FABC       2A    1FABC       0
                udata_acs                            14       14        1        0       1
build/default/debug/LCD.o
                lcd_code                          1FBFE    1FBFE      12A    1FBFE       0
                udata_acs                             9        9        5        0       1
build/default/debug/KeyPad.o
                keypad_code                       1FE6E    1FE6E      192    1FE6E       0
                udata_acs                             0        0        9        0       1
build/default/debug/Set.o
                set_code                          1FB6A    1FB6A       94    1FB6A       0
                data                              1FA9E    1FA9E       1E     FD4F       0
                udata_bank6                         600      600       80      600       1
                udata_bank5                         500      500       80      500       1
                udata_acs                            13       13        1        0       1
build/default/debug/Display.o
                display_code                      1FD28    1FD28      146    1FD28       0
                data                              1FB26    1FB26       44     FD93       0
                udata_bank4                         400      400       4B      400       1
                udata_acs                            12       12        1        0       1
build/default/debug/Testing.o
                testing_code                      1FAE6    1FAE6       40    1FAE6       0
                udata_acs                            11       11        1        0       1

TOTAL           Name                               Link     Load   Length     Space
        CLASS   CODE           
                code                                  0        0       26         0
                uart_code                         1FABC    1FABC       2A         0
                lcd_code                          1FBFE    1FBFE      12A         0
                keypad_code                       1FE6E    1FE6E      192         0
                set_code                          1FB6A    1FB6A       94         0
                display_code                      1FD28    1FD28      146         0
                testing_code                      1FAE6    1FAE6       40         0

        CLASS   CONST          
                data                              1FA9E    1FA9E       1E         0
                data                              1FB26    1FB26       44         0

        CLASS   SMALLCONST     

        CLASS   MEDIUMCONST    

        CLASS   COMRAM         
                udata_acs                             E        E        3         1
                udata_acs                            14       14        1         1
                udata_acs                             9        9        5         1
                udata_acs                             0        0        9         1
                udata_acs                            13       13        1         1
                udata_acs                            12       12        1         1
                udata_acs                            11       11        1         1

        CLASS   ABS1           

        CLASS   BIGRAM         

        CLASS   RAM            

        CLASS   BANK0          

        CLASS   BANK1          

        CLASS   BANK2          

        CLASS   BANK3          

        CLASS   BANK4          
                udata_bank4                         400      400       4B         1

        CLASS   BANK5          
                udata_bank5                         500      500       80         1

        CLASS   BANK6          
                udata_bank6                         600      600       80         1

        CLASS   BANK7          

        CLASS   BANK8          

        CLASS   BANK9          

        CLASS   BANK10         

        CLASS   BANK11         

        CLASS   BANK12         

        CLASS   BANK13         

        CLASS   BANK14         

        CLASS   BANK15         

        CLASS   SFR            

        CLASS   BIGSFR         

        CLASS   IDLOC          

        CLASS   EEDATA         

        CLASS   CONFIG         
                config                           300000   300000        E         4



SEGMENTS        Name                           Load    Length   Top    Selector   Space  Class

                udata_acs                      000000  000015  000015         0       1  COMRAM  
                udata_bank4                    000400  00004B  00044B       400       1  BANK4   
                udata_bank5                    000500  000080  000580       500       1  BANK5   
                udata_bank6                    000600  000080  000680       600       1  BANK6   
                data%289                       01FA9E  00001E  01FABC      FD4F       0  CONST   
                uart_code                      01FABC  00002A  01FAE6     1FABC       0  CODE    
                testing_code                   01FAE6  000040  01FB26     1FAE6       0  CODE    
                data                           01FB26  000044  01FB6A      FD93       0  CONST   
                set_code                       01FB6A  000094  01FBFE     1FB6A       0  CODE    
                lcd_code                       01FBFE  00012A  01FD28     1FBFE       0  CODE    
                display_code                   01FD28  000146  01FE6E     1FD28       0  CODE    
                keypad_code                    01FE6E  000192  020000     1FE6E       0  CODE    


UNUSED ADDRESS RANGES

        Name                Unused          Largest block    Delta
        BANK0            000060-0000FF               A0
        BANK1            000100-0001FF              100
        BANK10           000A00-000AFF              100
        BANK11           000B00-000BFF              100
        BANK12           000C00-000CFF              100
        BANK13           000D00-000DFF              100
        BANK14           000E00-000EFF              100
        BANK15           000F00-000F15               16
        BANK2            000200-0002FF              100
        BANK3            000300-0003FF              100
        BANK4            00044B-0004FF               B5
        BANK5            000580-0005FF               80
        BANK6            000680-0006FF               80
        BANK7            000700-0007FF              100
        BANK8            000800-0008FF              100
        BANK9            000900-0009FF              100
        BIGRAM           000026-000F15              EF0
        BIGSFR           000F16-000FFF               EA
        CODE             000026-01FA9D            1FA78
        COMRAM           000015-00005F               4B
        CONST            000026-01FA9D            1FA78
        EEDATA           F00000-F003FF              400
        IDLOC            200000-200007                8
        MEDIUMCONST      001000-00FFFF             F000
                         011000-01FA9D             EA9E
        RAM              000060-0003FF              100
                         00044B-0004FF               B5
                         000580-0005FF               80
                         000680-000F15              100
        SFR              000F16-000FFF               4A
        SMALLCONST       001000-01FA9D              100

                                  Symbol Table

EnterPasscode_Screen  display_code 01FD28
Fingerprint_Screen    display_code 01FD86
Incorrect_Screen      display_code 01FDC4
KeyPad_Read           keypad_code  01FE88
KeyPad_Setup          keypad_code  01FE6E
KeyPad_output         udata_acs    000006
LCD_Clear             lcd_code     01FCF0
LCD_Cursor_Off        lcd_code     01FD0C
LCD_Cursor_On         lcd_code     01FD1A
LCD_Line2             lcd_code     01FCFE
LCD_Send_Byte_D       lcd_code     01FC7E
LCD_Setup             lcd_code     01FBFE
LCD_Write_Message     lcd_code     01FC54
LCD_delay_ms          lcd_code     01FCC4
LCD_delay_x4us        lcd_code     01FCD2
Screens               testing_code 01FAEA
SetFingerprint        set_code     01FB6A
SetPasscode           set_code     01FBA2
UART_Setup            uart_code    01FABC
UART_Transmit_Byte    uart_code    01FADE
UART_Transmit_Message uart_code    01FAD0
Unlocked_Screen       display_code 01FE02
__H__absolute__       __absolute__ 000000
__Hcode               code         000000
__Hconfig             config       30000E
__Hdata               data         000000
__Hdisplay_code       display_code 000000
__Hedata              edata        000000
__Hkeypad_code        keypad_code  000000
__Hlcd_code           lcd_code     000000
__Hset_code           set_code     000000
__Hspace_0            (abs)        020000
__Hspace_1            (abs)        000680
__Hspace_3            (abs)        000000
__Hspace_4            (abs)        60000E
__Htesting_code       testing_code 000000
__Huart_code          uart_code    000000
__Hudata              udata        000000
__Hudata_acs          udata_acs    000000
__Hudata_bank0        udata_bank0  000000
__Hudata_bank1        udata_bank1  000000
__Hudata_bank10       udata_bank10 000000
__Hudata_bank11       udata_bank11 000000
__Hudata_bank12       udata_bank12 000000
__Hudata_bank13       udata_bank13 000000
__Hudata_bank14       udata_bank14 000000
__Hudata_bank15       udata_bank15 000000
__Hudata_bank2        udata_bank2  000000
__Hudata_bank3        udata_bank3  000000
__Hudata_bank4        udata_bank4  000000
__Hudata_bank5        udata_bank5  000000
__Hudata_bank6        udata_bank6  000000
__Hudata_bank7        udata_bank7  000000
__Hudata_bank8        udata_bank8  000000
__Hudata_bank9        udata_bank9  000000
__L__absolute__       __absolute__ 000000
__Lcode               code         000000
__Lconfig             config       000000
__Ldata               data         000000
__Ldisplay_code       display_code 000000
__Ledata              edata        000000
__Lkeypad_code        keypad_code  000000
__Llcd_code           lcd_code     000000
__Lset_code           set_code     000000
__Lspace_0            (abs)        000000
__Lspace_1            (abs)        000000
__Lspace_3            (abs)        000000
__Lspace_4            (abs)        000000
__Ltesting_code       testing_code 000000
__Luart_code          uart_code    000000
__Ludata              udata        000000
__Ludata_acs          udata_acs    000000
__Ludata_bank0        udata_bank0  000000
__Ludata_bank1        udata_bank1  000000
__Ludata_bank10       udata_bank10 000000
__Ludata_bank11       udata_bank11 000000
__Ludata_bank12       udata_bank12 000000
__Ludata_bank13       udata_bank13 000000
__Ludata_bank14       udata_bank14 000000
__Ludata_bank15       udata_bank15 000000
__Ludata_bank2        udata_bank2  000000
__Ludata_bank3        udata_bank3  000000
__Ludata_bank4        udata_bank4  000000
__Ludata_bank5        udata_bank5  000000
__Ludata_bank6        udata_bank6  000000
__Ludata_bank7        udata_bank7  000000
__Ludata_bank8        udata_bank8  000000
__Ludata_bank9        udata_bank9  000000
__S0                  (abs)        020000
__S1                  (abs)        000680
__S3                  (abs)        000000
delay1s               testing_code 01FB0C
isa$std               (abs)        000001
isa$xinst             (abs)        000000
